// Jest Snapshot v1, https://goo.gl/fbAQLP

exports[`Storyshots Atoms/Loading Default 1`] = `
<div
  style={
    Object {
      "alignContent": "flex-start",
      "background": "",
      "display": "flex",
      "flexDirection": "column",
      "flexWrap": "wrap",
      "gap": "10px 30px",
      "height": "100%",
      "justifyContent": "flex-start",
      "maxHeight": "auto",
      "padding": "2em",
    }
  }
>
  <div
    className="loading"
  >
    <div
      className="loading-object"
    />
    <div
      className="loading-object"
    />
    <div
      className="loading-object"
    />
    <div
      className="loading-object"
    />
    <div
      className="loading-object"
    />
    <div
      className="loading-object"
    />
    <div
      className="loading-object"
    />
    <div
      className="loading-object"
    />
  </div>
</div>
`;
